components/admin/StampsManagement.tsx(393,39): error TS2339: Property 'profiles' does not exist on type 'Stamp'.
components/admin/StampsManagement.tsx(393,114): error TS2339: Property 'profiles' does not exist on type 'Stamp'.
components/admin/StampsManagement.tsx(399,37): error TS2339: Property 'profiles' does not exist on type 'Stamp'.
components/admin/StampsManagement.tsx(402,37): error TS2339: Property 'profiles' does not exist on type 'Stamp'.
components/admin/StampsManagement.tsx(453,53): error TS2339: Property 'profiles' does not exist on type 'Stamp'.
components/AllTemplatesPreview.tsx(210,43): error TS2739: Type '{ profile: { id: string; full_name: string; headline: string; summary: string; meta_description: string; cv_visibility: string; created_at: string; updated_at: string; }; experiences: { id: string; ... 7 more ...; created_at: string; }[]; education: { ...; }[]; skills: { ...; }[]; }' is missing the following properties from type 'FullProfileData': certifications, languages, services, stats, portfolioItems
components/auth/MagicLinkForm.tsx(40,27): error TS2339: Property 'tooManyAttempts' does not exist on type '{ invalidEmail: string; emailRequired: string; passwordRequired: string; passwordTooShort: string; weakPassword: string; passwordsNotMatch: string; fullNameRequired: string; termsRequired: string; ... 7 more ...; serverError: string; }'.
components/auth/MagicLinkForm.tsx(84,16): error TS2339: Property 'emailSentMessage' does not exist on type '{ title: string; subtitle: string; email: string; emailPlaceholder: string; submit: string; backToLogin: string; checkEmail: string; checkEmailDesc: string; checkEmailAction: string; }'.
components/auth/MagicLinkForm.tsx(87,16): error TS2339: Property 'clickLink' does not exist on type '{ title: string; subtitle: string; email: string; emailPlaceholder: string; submit: string; backToLogin: string; checkEmail: string; checkEmailDesc: string; checkEmailAction: string; }'.
components/auth/MagicLinkForm.tsx(161,28): error TS2339: Property 'sending' does not exist on type '{ title: string; subtitle: string; email: string; emailPlaceholder: string; submit: string; backToLogin: string; checkEmail: string; checkEmailDesc: string; checkEmailAction: string; }'.
components/auth/MagicLinkForm.tsx(161,40): error TS2339: Property 'sendButton' does not exist on type '{ title: string; subtitle: string; email: string; emailPlaceholder: string; submit: string; backToLogin: string; checkEmail: string; checkEmailDesc: string; checkEmailAction: string; }'.
components/auth/PasswordRecoveryForm.tsx(56,27): error TS2339: Property 'tooManyAttempts' does not exist on type '{ invalidEmail: string; emailRequired: string; passwordRequired: string; passwordTooShort: string; weakPassword: string; passwordsNotMatch: string; fullNameRequired: string; termsRequired: string; ... 7 more ...; serverError: string; }'.
components/auth/PasswordRecoveryForm.tsx(149,16): error TS2339: Property 'emailSentMessage' does not exist on type '{ title: string; subtitle: string; email: string; emailPlaceholder: string; submit: string; backToLogin: string; checkEmail: string; checkEmailDesc: string; newPasswordTitle: string; newPasswordSubtitle: string; ... 11 more ...; resetButton: string; }'.
components/auth/PasswordRecoveryForm.tsx(189,16): error TS2339: Property 'successMessage' does not exist on type '{ title: string; subtitle: string; email: string; emailPlaceholder: string; submit: string; backToLogin: string; checkEmail: string; checkEmailDesc: string; newPasswordTitle: string; newPasswordSubtitle: string; ... 11 more ...; resetButton: string; }'.
components/auth/PasswordRecoveryForm.tsx(286,16): error TS2339: Property 'resetPassword' does not exist on type '{ title: string; subtitle: string; email: string; emailPlaceholder: string; submit: string; backToLogin: string; checkEmail: string; checkEmailDesc: string; newPasswordTitle: string; newPasswordSubtitle: string; ... 11 more ...; resetButton: string; }'.
components/dashboard/AnalyticsDashboard.tsx(585,44): error TS2339: Property 'source_type' does not exist on type 'PieLabelRenderProps'.
components/dashboard/AnalyticsDashboard.tsx(585,66): error TS2551: Property 'percentage' does not exist on type 'PieLabelRenderProps'. Did you mean 'percent'?
components/dashboard/AnalyticsDashboard.tsx(610,44): error TS2339: Property 'device_type' does not exist on type 'PieLabelRenderProps'.
components/dashboard/AnalyticsDashboard.tsx(610,66): error TS2551: Property 'percentage' does not exist on type 'PieLabelRenderProps'. Did you mean 'percent'?
components/dashboard/BusinessCardGallery.tsx(255,69): error TS2339: Property 'business_card_template' does not exist on type 'Profile'.
components/dashboard/BusinessCardGallery.tsx(316,34): error TS2339: Property 'business_card_template' does not exist on type 'Profile'.
components/dashboard/BusinessCardGallery.tsx(320,32): error TS2339: Property 'business_card_template' does not exist on type 'Profile'.
components/dashboard/CreateVersionModal.tsx(139,30): error TS2339: Property 'is_pro' does not exist on type 'Profile'.
components/dashboard/CreateVersionModal.tsx(148,19): error TS2345: Argument of type '"classic" | "modern" | "minimal"' is not assignable to parameter of type 'SetStateAction<"classic" | "passport" | "modern-professional" | "corporate-classic" | "creative-minimalist" | "academic-standard" | "modern-minimalist" | "creative-bold" | "professional-classic" | ... 10 more ... | "creative-modern">'.
  Type '"modern"' is not assignable to type 'SetStateAction<"classic" | "passport" | "modern-professional" | "corporate-classic" | "creative-minimalist" | "academic-standard" | "modern-minimalist" | "creative-bold" | "professional-classic" | ... 10 more ... | "creative-modern">'.
components/dashboard/VisaForm.tsx(35,5): error TS2322: Type 'undefined[]' is not assignable to type 'Record<string, string>'.
  Index signature for type 'string' is missing in type 'undefined[]'.
components/dashboard/VisaForm.tsx(90,17): error TS2345: Argument of type '(prev: Partial<Visa>) => { metrics: any[]; id?: string; profile_id?: string; slug?: string; title?: string; situation?: string; task?: string; action?: string; result?: string; context?: string; ... 9 more ...; results?: string; }' is not assignable to parameter of type 'SetStateAction<Partial<Visa>>'.
  Type '(prev: Partial<Visa>) => { metrics: any[]; id?: string; profile_id?: string; slug?: string; title?: string; situation?: string; task?: string; action?: string; result?: string; context?: string; ... 9 more ...; results?: string; }' is not assignable to type '(prevState: Partial<Visa>) => Partial<Visa>'.
    Call signature return types '{ metrics: any[]; id?: string; profile_id?: string; slug?: string; title?: string; situation?: string; task?: string; action?: string; result?: string; context?: string; images?: string[]; video_urls?: string[]; tags?: string[]; ... 6 more ...; results?: string; }' and 'Partial<Visa>' are incompatible.
      The types of 'metrics' are incompatible between these types.
        Type 'any[]' is not assignable to type 'Record<string, string>'.
          Index signature for type 'string' is missing in type 'any[]'.
components/dashboard/VisaForm.tsx(92,20): error TS2488: Type 'Record<string, string> | undefined[]' must have a '[Symbol.iterator]()' method that returns an iterator.
components/dashboard/VisaForm.tsx(99,30): error TS2349: This expression is not callable.
  Type 'String' has no call signatures.
components/dashboard/VisaForm.tsx(108,30): error TS2349: This expression is not callable.
  Type 'String' has no call signatures.
components/dashboard/VisaForm.tsx(433,32): error TS2349: This expression is not callable.
  Type 'String' has no call signatures.
components/dashboard/VisasSection.tsx(124,28): error TS2365: Operator '>' cannot be applied to types 'string' and 'number'.
components/profile-editor/EducationSection.tsx(303,31): error TS2339: Property 'lang' does not exist on type '{ meta: { default: { title: string; description: string; }; home: { title: string; description: string; }; productOverview: { title: string; description: string; }; stamps: { title: string; description: string; }; ... 19 more ...; status: { ...; }; }; ... 80 more ...; aiQuestionnaire: { ...; }; }'.
components/profile-editor/EducationSection.tsx(306,31): error TS2339: Property 'lang' does not exist on type '{ meta: { default: { title: string; description: string; }; home: { title: string; description: string; }; productOverview: { title: string; description: string; }; stamps: { title: string; description: string; }; ... 19 more ...; status: { ...; }; }; ... 80 more ...; aiQuestionnaire: { ...; }; }'.
components/profile-editor/EducationSection.tsx(314,31): error TS2339: Property 'lang' does not exist on type '{ meta: { default: { title: string; description: string; }; home: { title: string; description: string; }; productOverview: { title: string; description: string; }; stamps: { title: string; description: string; }; ... 19 more ...; status: { ...; }; }; ... 80 more ...; aiQuestionnaire: { ...; }; }'.
components/profile-editor/ExperienceSection.tsx(319,31): error TS2339: Property 'lang' does not exist on type '{ meta: { default: { title: string; description: string; }; home: { title: string; description: string; }; productOverview: { title: string; description: string; }; stamps: { title: string; description: string; }; ... 19 more ...; status: { ...; }; }; ... 80 more ...; aiQuestionnaire: { ...; }; }'.
components/profile-editor/ExperienceSection.tsx(322,31): error TS2339: Property 'lang' does not exist on type '{ meta: { default: { title: string; description: string; }; home: { title: string; description: string; }; productOverview: { title: string; description: string; }; stamps: { title: string; description: string; }; ... 19 more ...; status: { ...; }; }; ... 80 more ...; aiQuestionnaire: { ...; }; }'.
components/profile-editor/ExperienceSection.tsx(330,31): error TS2339: Property 'lang' does not exist on type '{ meta: { default: { title: string; description: string; }; home: { title: string; description: string; }; productOverview: { title: string; description: string; }; stamps: { title: string; description: string; }; ... 19 more ...; status: { ...; }; }; ... 80 more ...; aiQuestionnaire: { ...; }; }'.
components/profile-editor/LanguagesSection.tsx(100,31): error TS2339: Property 'lang' does not exist on type '{ meta: { default: { title: string; description: string; }; home: { title: string; description: string; }; productOverview: { title: string; description: string; }; stamps: { title: string; description: string; }; ... 19 more ...; status: { ...; }; }; ... 80 more ...; aiQuestionnaire: { ...; }; }'.
components/profile-editor/LanguagesSection.tsx(103,31): error TS2339: Property 'lang' does not exist on type '{ meta: { default: { title: string; description: string; }; home: { title: string; description: string; }; productOverview: { title: string; description: string; }; stamps: { title: string; description: string; }; ... 19 more ...; status: { ...; }; }; ... 80 more ...; aiQuestionnaire: { ...; }; }'.
components/profile-editor/LanguagesSection.tsx(111,31): error TS2339: Property 'lang' does not exist on type '{ meta: { default: { title: string; description: string; }; home: { title: string; description: string; }; productOverview: { title: string; description: string; }; stamps: { title: string; description: string; }; ... 19 more ...; status: { ...; }; }; ... 80 more ...; aiQuestionnaire: { ...; }; }'.
components/profile-editor/PortfolioSection.tsx(38,13): error TS2339: Property 'image_url' does not exist on type '{ title: string; id?: string; description?: string; type?: "PROJECT" | "DESIGN" | "WRITING" | "VIDEO" | "CODE" | "OTHER"; url?: string; thumbnail_url?: string; file_url?: string; tags?: string[]; featured?: boolean; sort_order?: number; }'.
components/profile-editor/PortfolioSection.tsx(39,24): error TS2339: Property 'image_url' does not exist on type '{ title: string; id?: string; description?: string; type?: "PROJECT" | "DESIGN" | "WRITING" | "VIDEO" | "CODE" | "OTHER"; url?: string; thumbnail_url?: string; file_url?: string; tags?: string[]; featured?: boolean; sort_order?: number; }'.
components/profile-editor/PortfolioSection.tsx(50,71): error TS2339: Property 'category' does not exist on type '{ title: string; id?: string; description?: string; type?: "PROJECT" | "DESIGN" | "WRITING" | "VIDEO" | "CODE" | "OTHER"; url?: string; thumbnail_url?: string; file_url?: string; tags?: string[]; featured?: boolean; sort_order?: number; }'.
components/profile-editor/PortfolioSection.tsx(51,15): error TS2339: Property 'link' does not exist on type '{ title: string; id?: string; description?: string; type?: "PROJECT" | "DESIGN" | "WRITING" | "VIDEO" | "CODE" | "OTHER"; url?: string; thumbnail_url?: string; file_url?: string; tags?: string[]; featured?: boolean; sort_order?: number; }'.
components/profile-editor/PortfolioSection.tsx(52,25): error TS2339: Property 'link' does not exist on type '{ title: string; id?: string; description?: string; type?: "PROJECT" | "DESIGN" | "WRITING" | "VIDEO" | "CODE" | "OTHER"; url?: string; thumbnail_url?: string; file_url?: string; tags?: string[]; featured?: boolean; sort_order?: number; }'.
components/profile-editor/PortfolioSection.tsx(53,19): error TS2339: Property 'link' does not exist on type '{ title: string; id?: string; description?: string; type?: "PROJECT" | "DESIGN" | "WRITING" | "VIDEO" | "CODE" | "OTHER"; url?: string; thumbnail_url?: string; file_url?: string; tags?: string[]; featured?: boolean; sort_order?: number; }'.
components/profile-editor/PortfolioSection.tsx(116,16): error TS2345: Argument of type '"image_url"' is not assignable to parameter of type '"type" | "id" | "title" | "featured" | "description" | "url" | "sort_order" | "thumbnail_url" | "file_url" | "tags" | `tags.${number}`'.
components/profile-editor/PortfolioSection.tsx(128,24): error TS2353: Object literal may only specify known properties, and 'category' does not exist in type '{ title: string; id?: string; description?: string; type?: "PROJECT" | "DESIGN" | "WRITING" | "VIDEO" | "CODE" | "OTHER"; url?: string; thumbnail_url?: string; file_url?: string; tags?: string[]; featured?: boolean; sort_order?: number; } | { ...; } | ResetAction<...>'.
components/profile-editor/PortfolioSection.tsx(135,26): error TS2339: Property 'image_url' does not exist on type '{ title: string; id?: string; description?: string; type?: "PROJECT" | "DESIGN" | "WRITING" | "VIDEO" | "CODE" | "OTHER"; url?: string; thumbnail_url?: string; file_url?: string; tags?: string[]; featured?: boolean; sort_order?: number; }'.
components/profile-editor/PortfolioSection.tsx(211,37): error TS2345: Argument of type '"category"' is not assignable to parameter of type '"type" | "id" | "title" | "featured" | "description" | "url" | "sort_order" | "thumbnail_url" | "file_url" | "tags" | `tags.${number}`'.
components/profile-editor/PortfolioSection.tsx(212,25): error TS2339: Property 'category' does not exist on type 'FieldErrors<{ title: string; id?: string; description?: string; type?: "PROJECT" | "DESIGN" | "WRITING" | "VIDEO" | "CODE" | "OTHER"; url?: string; thumbnail_url?: string; file_url?: string; tags?: string[]; featured?: boolean; sort_order?: number; }>'.
components/profile-editor/PortfolioSection.tsx(212,86): error TS2339: Property 'category' does not exist on type 'FieldErrors<{ title: string; id?: string; description?: string; type?: "PROJECT" | "DESIGN" | "WRITING" | "VIDEO" | "CODE" | "OTHER"; url?: string; thumbnail_url?: string; file_url?: string; tags?: string[]; featured?: boolean; sort_order?: number; }>'.
components/profile-editor/PortfolioSection.tsx(218,35): error TS2345: Argument of type '"link"' is not assignable to parameter of type '"type" | "id" | "title" | "featured" | "description" | "url" | "sort_order" | "thumbnail_url" | "file_url" | "tags" | `tags.${number}`'.
components/profile-editor/ProfileQualityScore.tsx(47,28): error TS2339: Property 'photo_url' does not exist on type 'Profile'.
components/profile-editor/ProfileQualityScore.tsx(49,33): error TS2339: Property 'email_verified' does not exist on type 'Profile'.
components/profile-editor/TemplateSelector.tsx(129,34): error TS2739: Type '{ profile: any; experiences: any; education: any; skills: any; services: any[]; stats: any[]; portfolioItems: any; }' is missing the following properties from type 'FullProfileData': certifications, languages
components/profile-editor/TemplateSelector.tsx(131,33): error TS2739: Type '{ profile: any; experiences: any; education: any; skills: any; services: any[]; stats: any[]; portfolioItems: any; }' is missing the following properties from type 'FullProfileData': certifications, languages
components/profile-editor/TemplateSelector.tsx(133,44): error TS2739: Type '{ profile: any; experiences: any; education: any; skills: any; services: any[]; stats: any[]; portfolioItems: any; }' is missing the following properties from type 'FullProfileData': certifications, languages
components/profile-editor/TemplateSelector.tsx(135,42): error TS2739: Type '{ profile: any; experiences: any; education: any; skills: any; services: any[]; stats: any[]; portfolioItems: any; }' is missing the following properties from type 'FullProfileData': certifications, languages
components/profile-editor/TemplateSelector.tsx(137,44): error TS2739: Type '{ profile: any; experiences: any; education: any; skills: any; services: any[]; stats: any[]; portfolioItems: any; }' is missing the following properties from type 'FullProfileData': certifications, languages
components/profile-editor/TemplateSelector.tsx(139,42): error TS2739: Type '{ profile: any; experiences: any; education: any; skills: any; services: any[]; stats: any[]; portfolioItems: any; }' is missing the following properties from type 'FullProfileData': certifications, languages
components/profile-editor/TemplateSelector.tsx(141,42): error TS2739: Type '{ profile: any; experiences: any; education: any; skills: any; services: any[]; stats: any[]; portfolioItems: any; }' is missing the following properties from type 'FullProfileData': certifications, languages
components/profile-editor/TemplateSelector.tsx(143,38): error TS2739: Type '{ profile: any; experiences: any; education: any; skills: any; services: any[]; stats: any[]; portfolioItems: any; }' is missing the following properties from type 'FullProfileData': certifications, languages
components/profile-editor/TemplateSelector.tsx(145,35): error TS2739: Type '{ profile: any; experiences: any; education: any; skills: any; services: any[]; stats: any[]; portfolioItems: any; }' is missing the following properties from type 'FullProfileData': certifications, languages
components/profile-editor/TemplateSelector.tsx(147,38): error TS2739: Type '{ profile: any; experiences: any; education: any; skills: any; services: any[]; stats: any[]; portfolioItems: any; }' is missing the following properties from type 'FullProfileData': certifications, languages
components/profile-editor/TemplateSelector.tsx(149,40): error TS2739: Type '{ profile: any; experiences: any; education: any; skills: any; services: any[]; stats: any[]; portfolioItems: any; }' is missing the following properties from type 'FullProfileData': certifications, languages
components/profile-editor/TemplateSelector.tsx(151,40): error TS2739: Type '{ profile: any; experiences: any; education: any; skills: any; services: any[]; stats: any[]; portfolioItems: any; }' is missing the following properties from type 'FullProfileData': certifications, languages
components/profile-editor/TemplateSelector.tsx(153,37): error TS2739: Type '{ profile: any; experiences: any; education: any; skills: any; services: any[]; stats: any[]; portfolioItems: any; }' is missing the following properties from type 'FullProfileData': certifications, languages
components/profile-editor/TemplateSelector.tsx(155,40): error TS2739: Type '{ profile: any; experiences: any; education: any; skills: any; services: any[]; stats: any[]; portfolioItems: any; }' is missing the following properties from type 'FullProfileData': certifications, languages
components/profile-editor/TemplateSelector.tsx(157,42): error TS2739: Type '{ profile: any; experiences: any; education: any; skills: any; services: any[]; stats: any[]; portfolioItems: any; }' is missing the following properties from type 'FullProfileData': certifications, languages
components/profile-editor/TemplateSelector.tsx(159,40): error TS2739: Type '{ profile: any; experiences: any; education: any; skills: any; services: any[]; stats: any[]; portfolioItems: any; }' is missing the following properties from type 'FullProfileData': certifications, languages
components/profile-editor/TemplateSelector.tsx(161,42): error TS2739: Type '{ profile: any; experiences: any; education: any; skills: any; services: any[]; stats: any[]; portfolioItems: any; }' is missing the following properties from type 'FullProfileData': certifications, languages
components/profile-editor/TemplateSelector.tsx(163,38): error TS2739: Type '{ profile: any; experiences: any; education: any; skills: any; services: any[]; stats: any[]; portfolioItems: any; }' is missing the following properties from type 'FullProfileData': certifications, languages
components/profile-editor/TemplateSelector.tsx(165,45): error TS2739: Type '{ profile: any; experiences: any; education: any; skills: any; services: any[]; stats: any[]; portfolioItems: any; }' is missing the following properties from type 'FullProfileData': certifications, languages
components/profile-editor/TemplateSelector.tsx(167,48): error TS2739: Type '{ profile: any; experiences: any; education: any; skills: any; services: any[]; stats: any[]; portfolioItems: any; }' is missing the following properties from type 'FullProfileData': certifications, languages
components/profile-editor/TemplateSelector.tsx(169,34): error TS2739: Type '{ profile: any; experiences: any; education: any; skills: any; services: any[]; stats: any[]; portfolioItems: any; }' is missing the following properties from type 'FullProfileData': certifications, languages
components/profile-editor/TemplateSelector.tsx(326,40): error TS2345: Argument of type '"" | { es: string; en: string; }' is not assignable to parameter of type 'string'.
  Type '{ es: string; en: string; }' is not assignable to type 'string'.
components/TemplatePreviewCapture.tsx(270,43): error TS2739: Type '{ profile: { id: string; full_name: string; headline: string; summary: string; meta_description: string; cv_visibility: string; created_at: string; updated_at: string; }; experiences: { id: string; ... 7 more ...; created_at: string; }[]; education: { ...; }[]; skills: { ...; }[]; }' is missing the following properties from type 'FullProfileData': certifications, languages, services, stats, portfolioItems
components/TemplatePreviewStep.tsx(44,9): error TS2322: Type '{ profile_id: string; title: string; company_name: string; start_date: string; end_date: any; description: string; }[]' is not assignable to type 'Experience[]'.
  Property 'position' is missing in type '{ profile_id: string; title: string; company_name: string; start_date: string; end_date: any; description: string; }' but required in type 'Experience'.
hooks/useAnalytics.ts(122,30): error TS2769: No overload matches this call.
  The last overload gave the following error.
    Object literal may only specify known properties, but 'descending' does not exist in type '{ ascending?: boolean; nullsFirst?: boolean; foreignTable?: string; }'. Did you mean to write 'ascending'?
hooks/useATSExport.ts(62,19): error TS2445: Property 'supabaseUrl' is protected and only accessible within class 'SupabaseClient<Database, SchemaNameOrClientOptions, SchemaName, Schema, ClientOptions>' and its subclasses.
hooks/useQueryClient.tsx(171,51): error TS2322: Type '"bottom-right"' is not assignable to type 'DevtoolsPosition'.
hooks/useTranslations.ts(8,9): error TS2352: Conversion of type '{ meta: { default: { title: string; description: string; }; home: { title: string; description: string; }; productOverview: { title: string; description: string; }; stamps: { title: string; description: string; }; ... 19 more ...; status: { ...; }; }; ... 80 more ...; aiQuestionnaire: { ...; }; }' to type '{ meta: { default: { title: string; description: string; }; home: { title: string; description: string; }; productOverview: { title: string; description: string; }; stamps: { title: string; description: string; }; ... 19 more ...; status: { ...; }; }; ... 80 more ...; aiQuestionnaire: { ...; }; }' may be a mistake because neither type sufficiently overlaps with the other. If this was intentional, convert the expression to 'unknown' first.
  The types of 'dashboard.auth.login' are incompatible between these types.
    Type '{ title: string; subtitle: string; email: string; password: string; rememberMe: string; forgotPassword: string; loginButton: string; noAccount: string; signUpLink: string; divider: string; loggingIn: string; }' is missing the following properties from type '{ title: string; subtitle: string; email: string; emailPlaceholder: string; password: string; passwordPlaceholder: string; rememberMe: string; forgotPassword: string; submit: string; loginButton: string; ... 5 more ...; divider: string; }': emailPlaceholder, passwordPlaceholder, submit, signUp, orContinue
lib/ai.ts(245,12): error TS2352: Conversion of type 'AIResponse<string>' to type 'AIResponse<string[]>' may be a mistake because neither type sufficiently overlaps with the other. If this was intentional, convert the expression to 'unknown' first.
  Type 'string' is not comparable to type 'string[]'.
lib/ai.ts(294,12): error TS2352: Conversion of type 'AIResponse<string>' to type 'AIResponse<string[]>' may be a mistake because neither type sufficiently overlaps with the other. If this was intentional, convert the expression to 'unknown' first.
  Type 'string' is not comparable to type 'string[]'.
pages/auth/AuthPage.tsx(19,9): error TS2322: Type '{ title: string; description: string; keywords: string; }' is not assignable to type 'IntrinsicAttributes & SEOHeadProps'.
  Property 'keywords' does not exist on type 'IntrinsicAttributes & SEOHeadProps'.
scripts/debug-email.ts(1,30): error TS2307: Cannot find module 'https://esm.sh/@supabase/supabase-js@2' or its corresponding type declarations.
scripts/debug-email.ts(3,22): error TS2304: Cannot find name 'Deno'.
scripts/debug-email.ts(4,27): error TS2304: Cannot find name 'Deno'.
scripts/debug-email.ts(8,3): error TS2304: Cannot find name 'Deno'.
utils/analytics-tracker.ts(27,44): error TS2339: Property 'env' does not exist on type 'ImportMeta'.
utils/analytics-tracker.ts(155,33): error TS2339: Property 'env' does not exist on type 'ImportMeta'.
utils/docx/templates.ts(119,28): error TS2339: Property 'title' does not exist on type 'Experience'.
utils/docx/templates.ts(119,43): error TS2339: Property 'company' does not exist on type 'Experience'.
utils/docx/templates.ts(157,47): error TS2339: Property 'split' does not exist on type 'string[]'.
utils/docx/templates.ts(182,44): error TS2339: Property 'institution' does not exist on type 'Education'.
utils/docx/templates.ts(264,15): error TS2339: Property 'portfolio' does not exist on type 'FullProfileData'.
utils/docx/templates.ts(264,36): error TS2339: Property 'portfolio' does not exist on type 'FullProfileData'.
utils/docx/templates.ts(267,13): error TS2339: Property 'portfolio' does not exist on type 'FullProfileData'.
utils/docx/templates.ts(303,44): error TS2339: Property 'stamp_type' does not exist on type 'Stamp'.
utils/docx/templates.ts(387,13): error TS2353: Object literal may only specify known properties, and 'border' does not exist in type 'IParagraphStylePropertiesOptions'.
